-- Invalid CREATE INDEX
CREATE INDEX idxindexconfig ON index_config USING bm25 ((index_config.*));
ERROR:  no text_fields, numeric_fields, boolean_fields, or json_fields were specified
CREATE INDEX idxindexconfig ON index_config USING bm25 ((index_config.*)) WITH (invalid_field='{}');
ERROR:  unrecognized parameter "invalid_field"
-- Default text field
CREATE INDEX idxindexconfig ON index_config USING bm25 ((index_config.*)) WITH (text_fields='{"description": {}}');
SELECT * from paradedb.schema_bm25('idxindexconfig');
    name     | field_type | stored | indexed | fast | fieldnorms | expand_dots | tokenizer | record | normalizer
-------------+------------+--------+---------+------+------------+-------------+-----------+--------+------------
 description | Str        | t      | t       | f    | t          |             | default   | basic  |
 heap_tid    | U64        | t      | t       | f    | t          |             |           |        |
(2 rows)

DROP INDEX idxindexconfig;
-- Text field with options
CREATE INDEX idxindexconfig ON index_config USING bm25 ((index_config.*)) WITH (text_fields='{"description": {"fast": true, "tokenizer": "en_stem", "record": "freq", "normalizer": "raw"}}');
SELECT * from paradedb.schema_bm25('idxindexconfig');
    name     | field_type | stored | indexed | fast | fieldnorms | expand_dots | tokenizer | record | normalizer
-------------+------------+--------+---------+------+------------+-------------+-----------+--------+------------
 description | Str        | t      | t       | t    | t          |             | en_stem   | freq   | raw
 heap_tid    | U64        | t      | t       | f    | t          |             |           |        |
(2 rows)

DROP INDEX idxindexconfig;
-- Multiple text fields
CREATE INDEX idxindexconfig ON index_config USING bm25 ((index_config.*)) WITH (text_fields='{"description": {"fast": true, "tokenizer": "en_stem", "record": "freq", "normalizer": "raw"}, "category": {}}');
SELECT * from paradedb.schema_bm25('idxindexconfig');
    name     | field_type | stored | indexed | fast | fieldnorms | expand_dots | tokenizer | record | normalizer
-------------+------------+--------+---------+------+------------+-------------+-----------+--------+------------
 description | Str        | t      | t       | t    | t          |             | en_stem   | freq   | raw
 category    | Str        | t      | t       | f    | t          |             | default   | basic  |
 heap_tid    | U64        | t      | t       | f    | t          |             |           |        |
(3 rows)

DROP INDEX idxindexconfig;
-- Default numeric field
CREATE INDEX idxindexconfig ON index_config USING bm25 ((index_config.*)) WITH (numeric_fields='{"rating": {}}');
SELECT * from paradedb.schema_bm25('idxindexconfig');
   name   | field_type | stored | indexed | fast | fieldnorms | expand_dots | tokenizer | record | normalizer
----------+------------+--------+---------+------+------------+-------------+-----------+--------+------------
 rating   | I64        | t      | t       | t    | f          |             |           |        |
 heap_tid | U64        | t      | t       | f    | t          |             |           |        |
(2 rows)

DROP INDEX idxindexconfig;
-- Numeric field with options
CREATE INDEX idxindexconfig ON index_config USING bm25 ((index_config.*)) WITH (numeric_fields='{"rating": {"fast": false}}');
SELECT * from paradedb.schema_bm25('idxindexconfig');
   name   | field_type | stored | indexed | fast | fieldnorms | expand_dots | tokenizer | record | normalizer
----------+------------+--------+---------+------+------------+-------------+-----------+--------+------------
 rating   | I64        | t      | t       | f    | f          |             |           |        |
 heap_tid | U64        | t      | t       | f    | t          |             |           |        |
(2 rows)

DROP INDEX idxindexconfig;
-- Default boolean field
CREATE INDEX idxindexconfig ON index_config USING bm25 ((index_config.*)) WITH (boolean_fields='{"in_stock": {}}');
SELECT * from paradedb.schema_bm25('idxindexconfig');
   name   | field_type | stored | indexed | fast | fieldnorms | expand_dots | tokenizer | record | normalizer
----------+------------+--------+---------+------+------------+-------------+-----------+--------+------------
 in_stock | Bool       | t      | t       | t    | f          |             |           |        |
 heap_tid | U64        | t      | t       | f    | t          |             |           |        |
(2 rows)

DROP INDEX idxindexconfig;
-- Boolean field with options
CREATE INDEX idxindexconfig ON index_config USING bm25 ((index_config.*)) WITH (boolean_fields='{"in_stock": {"fast": false}}');
SELECT * from paradedb.schema_bm25('idxindexconfig');
   name   | field_type | stored | indexed | fast | fieldnorms | expand_dots | tokenizer | record | normalizer
----------+------------+--------+---------+------+------------+-------------+-----------+--------+------------
 in_stock | Bool       | t      | t       | f    | f          |             |           |        |
 heap_tid | U64        | t      | t       | f    | t          |             |           |        |
(2 rows)

DROP INDEX idxindexconfig;
-- Default Json field
CREATE INDEX idxindexconfig ON index_config USING bm25 ((index_config.*)) WITH (json_fields='{"metadata": {}}');
SELECT * from paradedb.schema_bm25('idxindexconfig');
   name   | field_type | stored | indexed | fast | fieldnorms | expand_dots | tokenizer | record | normalizer
----------+------------+--------+---------+------+------------+-------------+-----------+--------+------------
 metadata | JsonObject | t      | t       | f    | f          | t           | default   | basic  |
 heap_tid | U64        | t      | t       | f    | t          |             |           |        |
(2 rows)

DROP INDEX idxindexconfig;
-- Json field with options
CREATE INDEX idxindexconfig ON index_config USING bm25 ((index_config.*)) WITH (json_fields='{"metadata": {"fast": true, "expand_dots": false, "tokenizer": "raw", "normalizer": "raw"}}');
SELECT * from paradedb.schema_bm25('idxindexconfig');
   name   | field_type | stored | indexed | fast | fieldnorms | expand_dots | tokenizer | record | normalizer
----------+------------+--------+---------+------+------------+-------------+-----------+--------+------------
 metadata | JsonObject | t      | t       | t    | f          | f           | raw       | basic  | raw
 heap_tid | U64        | t      | t       | f    | t          |             |           |        |
(2 rows)

DROP INDEX idxindexconfig;
-- Multiple fields
CREATE INDEX idxindexconfig ON index_config USING bm25 ((index_config.*)) WITH (text_fields='{"description": {}, "category": {}}', numeric_fields='{"rating": {}}', boolean_fields='{"in_stock": {}}', json_fields='{"metadata": {}}');
SELECT * from paradedb.schema_bm25('idxindexconfig');
    name     | field_type | stored | indexed | fast | fieldnorms | expand_dots | tokenizer | record | normalizer
-------------+------------+--------+---------+------+------------+-------------+-----------+--------+------------
 description | Str        | t      | t       | f    | t          |             | default   | basic  |
 rating      | I64        | t      | t       | t    | f          |             |           |        |
 category    | Str        | t      | t       | f    | t          |             | default   | basic  |
 in_stock    | Bool       | t      | t       | t    | f          |             |           |        |
 metadata    | JsonObject | t      | t       | f    | f          | t           | default   | basic  |
 heap_tid    | U64        | t      | t       | f    | t          |             |           |        |
(6 rows)

DROP INDEX idxindexconfig;
