-- With fuzzy field
SELECT id, description, rating, category FROM search_config.search('category:electornics', fuzzy_fields => 'category');
 id |         description         | rating |  category   
----+-----------------------------+--------+-------------
  1 | Ergonomic metal keyboard    |      4 | Electronics
  2 | Plastic Keyboard            |      4 | Electronics
 12 | Innovative wireless earbuds |      5 | Electronics
 22 | Fast charging power bank    |      4 | Electronics
 32 | Bluetooth-enabled speaker   |      3 | Electronics
(5 rows)

-- Without fuzzy field
SELECT id, description, rating, category FROM search_config.search('category:electornics');
 id | description | rating | category 
----+-------------+--------+----------
(0 rows)

-- With fuzzy field and transpose_cost_one=false and distance=1
SELECT id, description, rating, category FROM search_config.search('description:keybaord', fuzzy_fields => 'description', transpose_cost_one => false, distance => 1);
 id | description | rating | category 
----+-------------+--------+----------
(0 rows)

-- With fuzzy field and transpose_cost_one=true and distance=1
SELECT id, description, rating, category FROM search_config.search('description:keybaord', fuzzy_fields => 'description', transpose_cost_one => true, distance => 1);
 id |       description        | rating |  category   
----+--------------------------+--------+-------------
  1 | Ergonomic metal keyboard |      4 | Electronics
  2 | Plastic Keyboard         |      4 | Electronics
(2 rows)

-- With regex field 
SELECT id, description, rating, category FROM search_config.search('com', regex_fields => 'description');
 id |      description       | rating |  category   
----+------------------------+--------+-------------
  6 | Compact digital camera |      5 | Photography
 23 | Comfortable slippers   |      3 | Footwear
(2 rows)

-- Default highlighting without max_num_chars
SELECT description, rating, category, highlight_bm25 FROM search_config.search('description:keyboard OR category:electronics') as s LEFT JOIN search_config.highlight('description:keyboard OR category:electronics', highlight_field => 'description') as h ON s.id = H.id LEFT JOIN search_config.rank('description:keyboard OR category:electronics') as r ON s.id = r.id ORDER BY rank_bm25 DESC LIMIT 5;
         description         | rating |  category   |         highlight_bm25          
-----------------------------+--------+-------------+---------------------------------
 Plastic Keyboard            |      4 | Electronics | Plastic <b>Keyboard</b>
 Ergonomic metal keyboard    |      4 | Electronics | Ergonomic metal <b>keyboard</b>
 Innovative wireless earbuds |      5 | Electronics | 
 Fast charging power bank    |      4 | Electronics | 
 Bluetooth-enabled speaker   |      3 | Electronics | 
(5 rows)

-- max_num_chars is set to 14 
SELECT description, rating, category, highlight_bm25 FROM search_config.search('description:keyboard OR category:electronics', max_num_chars => 14) as s LEFT JOIN search_config.highlight('description:keyboard OR category:electronics', highlight_field => 'description', max_num_chars => 14) as h ON s.id = H.id LEFT JOIN search_config.rank('description:keyboard OR category:electronics', max_num_chars => 14) as r ON s.id = r.id ORDER BY rank_bm25 DESC LIMIT 5;
         description         | rating |  category   |    highlight_bm25     
-----------------------------+--------+-------------+-----------------------
 Plastic Keyboard            |      4 | Electronics | <b>Keyboard</b>
 Ergonomic metal keyboard    |      4 | Electronics | metal <b>keyboard</b>
 Innovative wireless earbuds |      5 | Electronics | 
 Fast charging power bank    |      4 | Electronics | 
 Bluetooth-enabled speaker   |      3 | Electronics | 
(5 rows)

