CREATE TABLE employees (salary bigint, id smallint) USING parquet;
INSERT INTO employees VALUES (100, 1), (200, 2), (300, 3), (400, 4), (500, 5);
DELETE FROM employees WHERE id = 5 OR salary <= 200;
SELECT * FROM employees;
 salary | id 
--------+----
    400 |  4
    300 |  3
(2 rows)

DELETE FROM employees;
ERROR:  Run TRUNCATE <table_name> to delete all rows from a table
CREATE TABLE projects (project_id serial, employee_id int) USING parquet;
DELETE FROM employees
WHERE id NOT IN (SELECT employee_id FROM projects);
ERROR:  Nested DELETE queries are not yet supported for parquet tables
DROP TABLE employees, projects;
