CREATE TABLE t (a int, b text) USING deltalake;
INSERT INTO t VALUES (1, 'a'), (2, 'b'), (3, 'c');
ALTER TABLE t RENAME TO s;
SELECT * FROM s;
 a | b 
---+---
 3 | c
 2 | b
 1 | a
(3 rows)

SELECT * FROM t;
ERROR:  relation "t" does not exist
LINE 1: SELECT * FROM t;
                      ^
DROP TABLE t;
ERROR:  relation "t" does not exist
DROP TABLE s;
