CREATE TABLE t (a int, b text NOT NULL) USING deltalake;
INSERT INTO t values (1, 'test');
SELECT * FROM t;
 a |  b   
---+------
 1 | test
(1 row)

DROP TABLE t;
