DROP TABLE IF EXISTS t;
DROP TABLE IF EXISTS s;
NOTICE:  table "s" does not exist, skipping
CREATE TABLE t (a int) USING parquet;
CREATE TABLE s (a int);
INSERT INTO t VALUES (1), (2), (3);
INSERT INTO s VALUES (4), (5), (6);
VACUUM;
VACUUM FULL;
VACUUM t;
VACUUM FULL t;
DROP TABLE t, s;
VACUUM;
